// Jest Snapshot v1, https://goo.gl/fbAQLP

exports[`Svg 1`] = `
<DocumentFragment>
  <svg>
    <use
      xlink:href="#icon-test"
    />
  </svg>
</DocumentFragment>
`;
